// Jest Snapshot v1, https://goo.gl/fbAQLP

exports[`jsoncolor should allow HTML colors 1`] = `
"[
  {
    <span class=\\"key\\">\\"title\\":</span> <span class=\\"string\\">\\"A New Hope\\"</span>,
    <span class=\\"key\\">\\"episode_id\\":</span> <span class=\\"number\\">4</span>,
    <span class=\\"key\\">\\"opening_crawl\\":</span> <span class=\\"string\\">\\"It is a period of civil war.\\\\r\\\\nRebel spaceships, striking\\\\r\\\\nfrom a hidden base, have won\\\\r\\\\ntheir first victory against\\\\r\\\\nthe evil Galactic Empire.\\\\r\\\\n\\\\r\\\\nDuring the battle, Rebel\\\\r\\\\nspies managed to steal secret\\\\r\\\\nplans to the Empire's\\\\r\\\\nultimate weapon, the DEATH\\\\r\\\\nSTAR, an armored space\\\\r\\\\nstation with enough power\\\\r\\\\nto destroy an entire planet.\\\\r\\\\n\\\\r\\\\nPursued by the Empire's\\\\r\\\\nsinister agents, Princess\\\\r\\\\nLeia races home aboard her\\\\r\\\\nstarship, custodian of the\\\\r\\\\nstolen plans that can save her\\\\r\\\\npeople and restore\\\\r\\\\nfreedom to the galaxy....\\"</span>,
    <span class=\\"key\\">\\"director\\":</span> <span class=\\"string\\">\\"George Lucas\\"</span>,
    <span class=\\"key\\">\\"producer\\":</span> <span class=\\"string\\">\\"Gary Kurtz, Rick McCallum\\"</span>,
    <span class=\\"key\\">\\"release_date\\":</span> <span class=\\"string\\">\\"1977-05-25\\"</span>,
    <span class=\\"key\\">\\"id\\":</span> <span class=\\"string\\">\\"S1vZy63c4oz\\"</span>
  },
  {
    <span class=\\"key\\">\\"title\\":</span> <span class=\\"string\\">\\"Attack of the Clones\\"</span>,
    <span class=\\"key\\">\\"episode_id\\":</span> <span class=\\"number\\">2</span>,
    <span class=\\"key\\">\\"opening_crawl\\":</span> <span class=\\"string\\">\\"There is unrest in the Galactic\\\\r\\\\nSenate. Several thousand solar\\\\r\\\\nsystems have declared their\\\\r\\\\nintentions to leave the Republic.\\\\r\\\\n\\\\r\\\\nThis separatist movement,\\\\r\\\\nunder the leadership of the\\\\r\\\\nmysterious Count Dooku, has\\\\r\\\\nmade it difficult for the limited\\\\r\\\\nnumber of Jedi Knights to maintain \\\\r\\\\npeace and order in the galaxy.\\\\r\\\\n\\\\r\\\\nSenator Amidala, the former\\\\r\\\\nQueen of Naboo, is returning\\\\r\\\\nto the Galactic Senate to vote\\\\r\\\\non the critical issue of creating\\\\r\\\\nan ARMY OF THE REPUBLIC\\\\r\\\\nto assist the overwhelmed\\\\r\\\\nJedi....\\"</span>,
    <span class=\\"key\\">\\"director\\":</span> <span class=\\"string\\">\\"George Lucas\\"</span>,
    <span class=\\"key\\">\\"producer\\":</span> <span class=\\"string\\">\\"Rick McCallum\\"</span>,
    <span class=\\"key\\">\\"release_date\\":</span> <span class=\\"string\\">\\"2002-05-16\\"</span>,
    <span class=\\"key\\">\\"id\\":</span> <span class=\\"string\\">\\"SJ_-J62qViM\\"</span>
  },
  {
    <span class=\\"key\\">\\"title\\":</span> <span class=\\"string\\">\\"The Phantom Menace\\"</span>,
    <span class=\\"key\\">\\"episode_id\\":</span> <span class=\\"number\\">1</span>,
    <span class=\\"key\\">\\"opening_crawl\\":</span> <span class=\\"string\\">\\"Turmoil has engulfed the\\\\r\\\\nGalactic Republic. The taxation\\\\r\\\\nof trade routes to outlying star\\\\r\\\\nsystems is in dispute.\\\\r\\\\n\\\\r\\\\nHoping to resolve the matter\\\\r\\\\nwith a blockade of deadly\\\\r\\\\nbattleships, the greedy Trade\\\\r\\\\nFederation has stopped all\\\\r\\\\nshipping to the small planet\\\\r\\\\nof Naboo.\\\\r\\\\n\\\\r\\\\nWhile the Congress of the\\\\r\\\\nRepublic endlessly debates\\\\r\\\\nthis alarming chain of events,\\\\r\\\\nthe Supreme Chancellor has\\\\r\\\\nsecretly dispatched two Jedi\\\\r\\\\nKnights, the guardians of\\\\r\\\\npeace and justice in the\\\\r\\\\ngalaxy, to settle the conflict....\\"</span>,
    <span class=\\"key\\">\\"director\\":</span> <span class=\\"string\\">\\"George Lucas\\"</span>,
    <span class=\\"key\\">\\"producer\\":</span> <span class=\\"string\\">\\"Rick McCallum\\"</span>,
    <span class=\\"key\\">\\"release_date\\":</span> <span class=\\"string\\">\\"1999-05-19\\"</span>,
    <span class=\\"key\\">\\"id\\":</span> <span class=\\"string\\">\\"H1YZyp3cVjf\\"</span>
  },
  {
    <span class=\\"key\\">\\"title\\":</span> <span class=\\"string\\">\\"Revenge of the Sith\\"</span>,
    <span class=\\"key\\">\\"episode_id\\":</span> <span class=\\"number\\">3</span>,
    <span class=\\"key\\">\\"opening_crawl\\":</span> <span class=\\"string\\">\\"War! The Republic is crumbling\\\\r\\\\nunder attacks by the ruthless\\\\r\\\\nSith Lord, Count Dooku.\\\\r\\\\nThere are heroes on both sides.\\\\r\\\\nEvil is everywhere.\\\\r\\\\n\\\\r\\\\nIn a stunning move, the\\\\r\\\\nfiendish droid leader, General\\\\r\\\\nGrievous, has swept into the\\\\r\\\\nRepublic capital and kidnapped\\\\r\\\\nChancellor Palpatine, leader of\\\\r\\\\nthe Galactic Senate.\\\\r\\\\n\\\\r\\\\nAs the Separatist Droid Army\\\\r\\\\nattempts to flee the besieged\\\\r\\\\ncapital with their valuable\\\\r\\\\nhostage, two Jedi Knights lead a\\\\r\\\\ndesperate mission to rescue the\\\\r\\\\ncaptive Chancellor....\\"</span>,
    <span class=\\"key\\">\\"director\\":</span> <span class=\\"string\\">\\"George Lucas\\"</span>,
    <span class=\\"key\\">\\"producer\\":</span> <span class=\\"string\\">\\"Rick McCallum\\"</span>,
    <span class=\\"key\\">\\"release_date\\":</span> <span class=\\"string\\">\\"2005-05-19\\"</span>,
    <span class=\\"key\\">\\"id\\":</span> <span class=\\"string\\">\\"HycWyp39Nsf\\"</span>
  },
  {
    <span class=\\"key\\">\\"title\\":</span> <span class=\\"string\\">\\"Return of the Jedi\\"</span>,
    <span class=\\"key\\">\\"episode_id\\":</span> <span class=\\"number\\">6</span>,
    <span class=\\"key\\">\\"opening_crawl\\":</span> <span class=\\"string\\">\\"Luke Skywalker has returned to\\\\r\\\\nhis home planet of Tatooine in\\\\r\\\\nan attempt to rescue his\\\\r\\\\nfriend Han Solo from the\\\\r\\\\nclutches of the vile gangster\\\\r\\\\nJabba the Hutt.\\\\r\\\\n\\\\r\\\\nLittle does Luke know that the\\\\r\\\\nGALACTIC EMPIRE has secretly\\\\r\\\\nbegun construction on a new\\\\r\\\\narmored space station even\\\\r\\\\nmore powerful than the first\\\\r\\\\ndreaded Death Star.\\\\r\\\\n\\\\r\\\\nWhen completed, this ultimate\\\\r\\\\nweapon will spell certain doom\\\\r\\\\nfor the small band of rebels\\\\r\\\\nstruggling to restore freedom\\\\r\\\\nto the galaxy...\\"</span>,
    <span class=\\"key\\">\\"director\\":</span> <span class=\\"string\\">\\"Richard Marquand\\"</span>,
    <span class=\\"key\\">\\"producer\\":</span> <span class=\\"string\\">\\"Howard G. Kazanjian, George Lucas, Rick McCallum\\"</span>,
    <span class=\\"key\\">\\"release_date\\":</span> <span class=\\"string\\">\\"1983-05-25\\"</span>,
    <span class=\\"key\\">\\"id\\":</span> <span class=\\"string\\">\\"B1ibyphc4iG\\"</span>
  },
  {
    <span class=\\"key\\">\\"title\\":</span> <span class=\\"string\\">\\"The Empire Strikes Back\\"</span>,
    <span class=\\"key\\">\\"episode_id\\":</span> <span class=\\"number\\">5</span>,
    <span class=\\"key\\">\\"opening_crawl\\":</span> <span class=\\"string\\">\\"It is a dark time for the\\\\r\\\\nRebellion. Although the Death\\\\r\\\\nStar has been destroyed,\\\\r\\\\nImperial troops have driven the\\\\r\\\\nRebel forces from their hidden\\\\r\\\\nbase and pursued them across\\\\r\\\\nthe galaxy.\\\\r\\\\n\\\\r\\\\nEvading the dreaded Imperial\\\\r\\\\nStarfleet, a group of freedom\\\\r\\\\nfighters led by Luke Skywalker\\\\r\\\\nhas established a new secret\\\\r\\\\nbase on the remote ice world\\\\r\\\\nof Hoth.\\\\r\\\\n\\\\r\\\\nThe evil lord Darth Vader,\\\\r\\\\nobsessed with finding young\\\\r\\\\nSkywalker, has dispatched\\\\r\\\\nthousands of remote probes into\\\\r\\\\nthe far reaches of space....\\"</span>,
    <span class=\\"key\\">\\"director\\":</span> <span class=\\"string\\">\\"Irvin Kershner\\"</span>,
    <span class=\\"key\\">\\"producer\\":</span> <span class=\\"string\\">\\"Gary Kurtz, Rick McCallum\\"</span>,
    <span class=\\"key\\">\\"release_date\\":</span> <span class=\\"string\\">\\"1980-05-17\\"</span>,
    <span class=\\"key\\">\\"id\\":</span> <span class=\\"string\\">\\"Sy3WJT2qVsG\\"</span>
  },
  {
    <span class=\\"key\\">\\"title\\":</span> <span class=\\"string\\">\\"The Force Awakens\\"</span>,
    <span class=\\"key\\">\\"episode_id\\":</span> <span class=\\"number\\">7</span>,
    <span class=\\"key\\">\\"opening_crawl\\":</span> <span class=\\"string\\">\\"Luke Skywalker has vanished.\\\\r\\\\nIn his absence, the sinister\\\\r\\\\nFIRST ORDER has risen from\\\\r\\\\nthe ashes of the Empire\\\\r\\\\nand will not rest until\\\\r\\\\nSkywalker, the last Jedi,\\\\r\\\\nhas been destroyed.\\\\r\\\\n \\\\r\\\\nWith the support of the\\\\r\\\\nREPUBLIC, General Leia Organa\\\\r\\\\nleads a brave RESISTANCE.\\\\r\\\\nShe is desperate to find her\\\\r\\\\nbrother Luke and gain his\\\\r\\\\nhelp in restoring peace and\\\\r\\\\njustice to the galaxy.\\\\r\\\\n \\\\r\\\\nLeia has sent her most daring\\\\r\\\\npilot on a secret mission\\\\r\\\\nto Jakku, where an old ally\\\\r\\\\nhas discovered a clue to\\\\r\\\\nLuke's whereabouts....\\"</span>,
    <span class=\\"key\\">\\"director\\":</span> <span class=\\"string\\">\\"J. J. Abrams\\"</span>,
    <span class=\\"key\\">\\"producer\\":</span> <span class=\\"string\\">\\"Kathleen Kennedy, J. J. Abrams, Bryan Burk\\"</span>,
    <span class=\\"key\\">\\"release_date\\":</span> <span class=\\"string\\">\\"2015-12-11\\"</span>,
    <span class=\\"key\\">\\"id\\":</span> <span class=\\"string\\">\\"Sk6Zyp2c4oz\\"</span>
  }
]"
`;

exports[`jsoncolor should allow custom colors 1`] = `
"[
  {
    [35m\\"title\\":[39m [32m\\"A New Hope\\"[39m,
    [35m\\"episode_id\\":[39m [31m4[39m,
    [35m\\"opening_crawl\\":[39m [32m\\"It is a period of civil war.\\\\r\\\\nRebel spaceships, striking\\\\r\\\\nfrom a hidden base, have won\\\\r\\\\ntheir first victory against\\\\r\\\\nthe evil Galactic Empire.\\\\r\\\\n\\\\r\\\\nDuring the battle, Rebel\\\\r\\\\nspies managed to steal secret\\\\r\\\\nplans to the Empire's\\\\r\\\\nultimate weapon, the DEATH\\\\r\\\\nSTAR, an armored space\\\\r\\\\nstation with enough power\\\\r\\\\nto destroy an entire planet.\\\\r\\\\n\\\\r\\\\nPursued by the Empire's\\\\r\\\\nsinister agents, Princess\\\\r\\\\nLeia races home aboard her\\\\r\\\\nstarship, custodian of the\\\\r\\\\nstolen plans that can save her\\\\r\\\\npeople and restore\\\\r\\\\nfreedom to the galaxy....\\"[39m,
    [35m\\"director\\":[39m [32m\\"George Lucas\\"[39m,
    [35m\\"producer\\":[39m [32m\\"Gary Kurtz, Rick McCallum\\"[39m,
    [35m\\"release_date\\":[39m [32m\\"1977-05-25\\"[39m,
    [35m\\"id\\":[39m [32m\\"S1vZy63c4oz\\"[39m
  },
  {
    [35m\\"title\\":[39m [32m\\"Attack of the Clones\\"[39m,
    [35m\\"episode_id\\":[39m [31m2[39m,
    [35m\\"opening_crawl\\":[39m [32m\\"There is unrest in the Galactic\\\\r\\\\nSenate. Several thousand solar\\\\r\\\\nsystems have declared their\\\\r\\\\nintentions to leave the Republic.\\\\r\\\\n\\\\r\\\\nThis separatist movement,\\\\r\\\\nunder the leadership of the\\\\r\\\\nmysterious Count Dooku, has\\\\r\\\\nmade it difficult for the limited\\\\r\\\\nnumber of Jedi Knights to maintain \\\\r\\\\npeace and order in the galaxy.\\\\r\\\\n\\\\r\\\\nSenator Amidala, the former\\\\r\\\\nQueen of Naboo, is returning\\\\r\\\\nto the Galactic Senate to vote\\\\r\\\\non the critical issue of creating\\\\r\\\\nan ARMY OF THE REPUBLIC\\\\r\\\\nto assist the overwhelmed\\\\r\\\\nJedi....\\"[39m,
    [35m\\"director\\":[39m [32m\\"George Lucas\\"[39m,
    [35m\\"producer\\":[39m [32m\\"Rick McCallum\\"[39m,
    [35m\\"release_date\\":[39m [32m\\"2002-05-16\\"[39m,
    [35m\\"id\\":[39m [32m\\"SJ_-J62qViM\\"[39m
  },
  {
    [35m\\"title\\":[39m [32m\\"The Phantom Menace\\"[39m,
    [35m\\"episode_id\\":[39m [31m1[39m,
    [35m\\"opening_crawl\\":[39m [32m\\"Turmoil has engulfed the\\\\r\\\\nGalactic Republic. The taxation\\\\r\\\\nof trade routes to outlying star\\\\r\\\\nsystems is in dispute.\\\\r\\\\n\\\\r\\\\nHoping to resolve the matter\\\\r\\\\nwith a blockade of deadly\\\\r\\\\nbattleships, the greedy Trade\\\\r\\\\nFederation has stopped all\\\\r\\\\nshipping to the small planet\\\\r\\\\nof Naboo.\\\\r\\\\n\\\\r\\\\nWhile the Congress of the\\\\r\\\\nRepublic endlessly debates\\\\r\\\\nthis alarming chain of events,\\\\r\\\\nthe Supreme Chancellor has\\\\r\\\\nsecretly dispatched two Jedi\\\\r\\\\nKnights, the guardians of\\\\r\\\\npeace and justice in the\\\\r\\\\ngalaxy, to settle the conflict....\\"[39m,
    [35m\\"director\\":[39m [32m\\"George Lucas\\"[39m,
    [35m\\"producer\\":[39m [32m\\"Rick McCallum\\"[39m,
    [35m\\"release_date\\":[39m [32m\\"1999-05-19\\"[39m,
    [35m\\"id\\":[39m [32m\\"H1YZyp3cVjf\\"[39m
  },
  {
    [35m\\"title\\":[39m [32m\\"Revenge of the Sith\\"[39m,
    [35m\\"episode_id\\":[39m [31m3[39m,
    [35m\\"opening_crawl\\":[39m [32m\\"War! The Republic is crumbling\\\\r\\\\nunder attacks by the ruthless\\\\r\\\\nSith Lord, Count Dooku.\\\\r\\\\nThere are heroes on both sides.\\\\r\\\\nEvil is everywhere.\\\\r\\\\n\\\\r\\\\nIn a stunning move, the\\\\r\\\\nfiendish droid leader, General\\\\r\\\\nGrievous, has swept into the\\\\r\\\\nRepublic capital and kidnapped\\\\r\\\\nChancellor Palpatine, leader of\\\\r\\\\nthe Galactic Senate.\\\\r\\\\n\\\\r\\\\nAs the Separatist Droid Army\\\\r\\\\nattempts to flee the besieged\\\\r\\\\ncapital with their valuable\\\\r\\\\nhostage, two Jedi Knights lead a\\\\r\\\\ndesperate mission to rescue the\\\\r\\\\ncaptive Chancellor....\\"[39m,
    [35m\\"director\\":[39m [32m\\"George Lucas\\"[39m,
    [35m\\"producer\\":[39m [32m\\"Rick McCallum\\"[39m,
    [35m\\"release_date\\":[39m [32m\\"2005-05-19\\"[39m,
    [35m\\"id\\":[39m [32m\\"HycWyp39Nsf\\"[39m
  },
  {
    [35m\\"title\\":[39m [32m\\"Return of the Jedi\\"[39m,
    [35m\\"episode_id\\":[39m [31m6[39m,
    [35m\\"opening_crawl\\":[39m [32m\\"Luke Skywalker has returned to\\\\r\\\\nhis home planet of Tatooine in\\\\r\\\\nan attempt to rescue his\\\\r\\\\nfriend Han Solo from the\\\\r\\\\nclutches of the vile gangster\\\\r\\\\nJabba the Hutt.\\\\r\\\\n\\\\r\\\\nLittle does Luke know that the\\\\r\\\\nGALACTIC EMPIRE has secretly\\\\r\\\\nbegun construction on a new\\\\r\\\\narmored space station even\\\\r\\\\nmore powerful than the first\\\\r\\\\ndreaded Death Star.\\\\r\\\\n\\\\r\\\\nWhen completed, this ultimate\\\\r\\\\nweapon will spell certain doom\\\\r\\\\nfor the small band of rebels\\\\r\\\\nstruggling to restore freedom\\\\r\\\\nto the galaxy...\\"[39m,
    [35m\\"director\\":[39m [32m\\"Richard Marquand\\"[39m,
    [35m\\"producer\\":[39m [32m\\"Howard G. Kazanjian, George Lucas, Rick McCallum\\"[39m,
    [35m\\"release_date\\":[39m [32m\\"1983-05-25\\"[39m,
    [35m\\"id\\":[39m [32m\\"B1ibyphc4iG\\"[39m
  },
  {
    [35m\\"title\\":[39m [32m\\"The Empire Strikes Back\\"[39m,
    [35m\\"episode_id\\":[39m [31m5[39m,
    [35m\\"opening_crawl\\":[39m [32m\\"It is a dark time for the\\\\r\\\\nRebellion. Although the Death\\\\r\\\\nStar has been destroyed,\\\\r\\\\nImperial troops have driven the\\\\r\\\\nRebel forces from their hidden\\\\r\\\\nbase and pursued them across\\\\r\\\\nthe galaxy.\\\\r\\\\n\\\\r\\\\nEvading the dreaded Imperial\\\\r\\\\nStarfleet, a group of freedom\\\\r\\\\nfighters led by Luke Skywalker\\\\r\\\\nhas established a new secret\\\\r\\\\nbase on the remote ice world\\\\r\\\\nof Hoth.\\\\r\\\\n\\\\r\\\\nThe evil lord Darth Vader,\\\\r\\\\nobsessed with finding young\\\\r\\\\nSkywalker, has dispatched\\\\r\\\\nthousands of remote probes into\\\\r\\\\nthe far reaches of space....\\"[39m,
    [35m\\"director\\":[39m [32m\\"Irvin Kershner\\"[39m,
    [35m\\"producer\\":[39m [32m\\"Gary Kurtz, Rick McCallum\\"[39m,
    [35m\\"release_date\\":[39m [32m\\"1980-05-17\\"[39m,
    [35m\\"id\\":[39m [32m\\"Sy3WJT2qVsG\\"[39m
  },
  {
    [35m\\"title\\":[39m [32m\\"The Force Awakens\\"[39m,
    [35m\\"episode_id\\":[39m [31m7[39m,
    [35m\\"opening_crawl\\":[39m [32m\\"Luke Skywalker has vanished.\\\\r\\\\nIn his absence, the sinister\\\\r\\\\nFIRST ORDER has risen from\\\\r\\\\nthe ashes of the Empire\\\\r\\\\nand will not rest until\\\\r\\\\nSkywalker, the last Jedi,\\\\r\\\\nhas been destroyed.\\\\r\\\\n \\\\r\\\\nWith the support of the\\\\r\\\\nREPUBLIC, General Leia Organa\\\\r\\\\nleads a brave RESISTANCE.\\\\r\\\\nShe is desperate to find her\\\\r\\\\nbrother Luke and gain his\\\\r\\\\nhelp in restoring peace and\\\\r\\\\njustice to the galaxy.\\\\r\\\\n \\\\r\\\\nLeia has sent her most daring\\\\r\\\\npilot on a secret mission\\\\r\\\\nto Jakku, where an old ally\\\\r\\\\nhas discovered a clue to\\\\r\\\\nLuke's whereabouts....\\"[39m,
    [35m\\"director\\":[39m [32m\\"J. J. Abrams\\"[39m,
    [35m\\"producer\\":[39m [32m\\"Kathleen Kennedy, J. J. Abrams, Bryan Burk\\"[39m,
    [35m\\"release_date\\":[39m [32m\\"2015-12-11\\"[39m,
    [35m\\"id\\":[39m [32m\\"Sk6Zyp2c4oz\\"[39m
  }
]"
`;

exports[`jsoncolor should handle basic syntax 1`] = `
"[
  {
    [38;2;169;220;118m\\"title\\":[39m [38;2;255;216;102m\\"A New Hope\\"[39m,
    [38;2;169;220;118m\\"episode_id\\":[39m [38;2;255;97;136m4[39m,
    [38;2;169;220;118m\\"opening_crawl\\":[39m [38;2;255;216;102m\\"It is a period of civil war.\\\\r\\\\nRebel spaceships, striking\\\\r\\\\nfrom a hidden base, have won\\\\r\\\\ntheir first victory against\\\\r\\\\nthe evil Galactic Empire.\\\\r\\\\n\\\\r\\\\nDuring the battle, Rebel\\\\r\\\\nspies managed to steal secret\\\\r\\\\nplans to the Empire's\\\\r\\\\nultimate weapon, the DEATH\\\\r\\\\nSTAR, an armored space\\\\r\\\\nstation with enough power\\\\r\\\\nto destroy an entire planet.\\\\r\\\\n\\\\r\\\\nPursued by the Empire's\\\\r\\\\nsinister agents, Princess\\\\r\\\\nLeia races home aboard her\\\\r\\\\nstarship, custodian of the\\\\r\\\\nstolen plans that can save her\\\\r\\\\npeople and restore\\\\r\\\\nfreedom to the galaxy....\\"[39m,
    [38;2;169;220;118m\\"director\\":[39m [38;2;255;216;102m\\"George Lucas\\"[39m,
    [38;2;169;220;118m\\"producer\\":[39m [38;2;255;216;102m\\"Gary Kurtz, Rick McCallum\\"[39m,
    [38;2;169;220;118m\\"release_date\\":[39m [38;2;255;216;102m\\"1977-05-25\\"[39m,
    [38;2;169;220;118m\\"id\\":[39m [38;2;255;216;102m\\"S1vZy63c4oz\\"[39m
  },
  {
    [38;2;169;220;118m\\"title\\":[39m [38;2;255;216;102m\\"Attack of the Clones\\"[39m,
    [38;2;169;220;118m\\"episode_id\\":[39m [38;2;255;97;136m2[39m,
    [38;2;169;220;118m\\"opening_crawl\\":[39m [38;2;255;216;102m\\"There is unrest in the Galactic\\\\r\\\\nSenate. Several thousand solar\\\\r\\\\nsystems have declared their\\\\r\\\\nintentions to leave the Republic.\\\\r\\\\n\\\\r\\\\nThis separatist movement,\\\\r\\\\nunder the leadership of the\\\\r\\\\nmysterious Count Dooku, has\\\\r\\\\nmade it difficult for the limited\\\\r\\\\nnumber of Jedi Knights to maintain \\\\r\\\\npeace and order in the galaxy.\\\\r\\\\n\\\\r\\\\nSenator Amidala, the former\\\\r\\\\nQueen of Naboo, is returning\\\\r\\\\nto the Galactic Senate to vote\\\\r\\\\non the critical issue of creating\\\\r\\\\nan ARMY OF THE REPUBLIC\\\\r\\\\nto assist the overwhelmed\\\\r\\\\nJedi....\\"[39m,
    [38;2;169;220;118m\\"director\\":[39m [38;2;255;216;102m\\"George Lucas\\"[39m,
    [38;2;169;220;118m\\"producer\\":[39m [38;2;255;216;102m\\"Rick McCallum\\"[39m,
    [38;2;169;220;118m\\"release_date\\":[39m [38;2;255;216;102m\\"2002-05-16\\"[39m,
    [38;2;169;220;118m\\"id\\":[39m [38;2;255;216;102m\\"SJ_-J62qViM\\"[39m
  },
  {
    [38;2;169;220;118m\\"title\\":[39m [38;2;255;216;102m\\"The Phantom Menace\\"[39m,
    [38;2;169;220;118m\\"episode_id\\":[39m [38;2;255;97;136m1[39m,
    [38;2;169;220;118m\\"opening_crawl\\":[39m [38;2;255;216;102m\\"Turmoil has engulfed the\\\\r\\\\nGalactic Republic. The taxation\\\\r\\\\nof trade routes to outlying star\\\\r\\\\nsystems is in dispute.\\\\r\\\\n\\\\r\\\\nHoping to resolve the matter\\\\r\\\\nwith a blockade of deadly\\\\r\\\\nbattleships, the greedy Trade\\\\r\\\\nFederation has stopped all\\\\r\\\\nshipping to the small planet\\\\r\\\\nof Naboo.\\\\r\\\\n\\\\r\\\\nWhile the Congress of the\\\\r\\\\nRepublic endlessly debates\\\\r\\\\nthis alarming chain of events,\\\\r\\\\nthe Supreme Chancellor has\\\\r\\\\nsecretly dispatched two Jedi\\\\r\\\\nKnights, the guardians of\\\\r\\\\npeace and justice in the\\\\r\\\\ngalaxy, to settle the conflict....\\"[39m,
    [38;2;169;220;118m\\"director\\":[39m [38;2;255;216;102m\\"George Lucas\\"[39m,
    [38;2;169;220;118m\\"producer\\":[39m [38;2;255;216;102m\\"Rick McCallum\\"[39m,
    [38;2;169;220;118m\\"release_date\\":[39m [38;2;255;216;102m\\"1999-05-19\\"[39m,
    [38;2;169;220;118m\\"id\\":[39m [38;2;255;216;102m\\"H1YZyp3cVjf\\"[39m
  },
  {
    [38;2;169;220;118m\\"title\\":[39m [38;2;255;216;102m\\"Revenge of the Sith\\"[39m,
    [38;2;169;220;118m\\"episode_id\\":[39m [38;2;255;97;136m3[39m,
    [38;2;169;220;118m\\"opening_crawl\\":[39m [38;2;255;216;102m\\"War! The Republic is crumbling\\\\r\\\\nunder attacks by the ruthless\\\\r\\\\nSith Lord, Count Dooku.\\\\r\\\\nThere are heroes on both sides.\\\\r\\\\nEvil is everywhere.\\\\r\\\\n\\\\r\\\\nIn a stunning move, the\\\\r\\\\nfiendish droid leader, General\\\\r\\\\nGrievous, has swept into the\\\\r\\\\nRepublic capital and kidnapped\\\\r\\\\nChancellor Palpatine, leader of\\\\r\\\\nthe Galactic Senate.\\\\r\\\\n\\\\r\\\\nAs the Separatist Droid Army\\\\r\\\\nattempts to flee the besieged\\\\r\\\\ncapital with their valuable\\\\r\\\\nhostage, two Jedi Knights lead a\\\\r\\\\ndesperate mission to rescue the\\\\r\\\\ncaptive Chancellor....\\"[39m,
    [38;2;169;220;118m\\"director\\":[39m [38;2;255;216;102m\\"George Lucas\\"[39m,
    [38;2;169;220;118m\\"producer\\":[39m [38;2;255;216;102m\\"Rick McCallum\\"[39m,
    [38;2;169;220;118m\\"release_date\\":[39m [38;2;255;216;102m\\"2005-05-19\\"[39m,
    [38;2;169;220;118m\\"id\\":[39m [38;2;255;216;102m\\"HycWyp39Nsf\\"[39m
  },
  {
    [38;2;169;220;118m\\"title\\":[39m [38;2;255;216;102m\\"Return of the Jedi\\"[39m,
    [38;2;169;220;118m\\"episode_id\\":[39m [38;2;255;97;136m6[39m,
    [38;2;169;220;118m\\"opening_crawl\\":[39m [38;2;255;216;102m\\"Luke Skywalker has returned to\\\\r\\\\nhis home planet of Tatooine in\\\\r\\\\nan attempt to rescue his\\\\r\\\\nfriend Han Solo from the\\\\r\\\\nclutches of the vile gangster\\\\r\\\\nJabba the Hutt.\\\\r\\\\n\\\\r\\\\nLittle does Luke know that the\\\\r\\\\nGALACTIC EMPIRE has secretly\\\\r\\\\nbegun construction on a new\\\\r\\\\narmored space station even\\\\r\\\\nmore powerful than the first\\\\r\\\\ndreaded Death Star.\\\\r\\\\n\\\\r\\\\nWhen completed, this ultimate\\\\r\\\\nweapon will spell certain doom\\\\r\\\\nfor the small band of rebels\\\\r\\\\nstruggling to restore freedom\\\\r\\\\nto the galaxy...\\"[39m,
    [38;2;169;220;118m\\"director\\":[39m [38;2;255;216;102m\\"Richard Marquand\\"[39m,
    [38;2;169;220;118m\\"producer\\":[39m [38;2;255;216;102m\\"Howard G. Kazanjian, George Lucas, Rick McCallum\\"[39m,
    [38;2;169;220;118m\\"release_date\\":[39m [38;2;255;216;102m\\"1983-05-25\\"[39m,
    [38;2;169;220;118m\\"id\\":[39m [38;2;255;216;102m\\"B1ibyphc4iG\\"[39m
  },
  {
    [38;2;169;220;118m\\"title\\":[39m [38;2;255;216;102m\\"The Empire Strikes Back\\"[39m,
    [38;2;169;220;118m\\"episode_id\\":[39m [38;2;255;97;136m5[39m,
    [38;2;169;220;118m\\"opening_crawl\\":[39m [38;2;255;216;102m\\"It is a dark time for the\\\\r\\\\nRebellion. Although the Death\\\\r\\\\nStar has been destroyed,\\\\r\\\\nImperial troops have driven the\\\\r\\\\nRebel forces from their hidden\\\\r\\\\nbase and pursued them across\\\\r\\\\nthe galaxy.\\\\r\\\\n\\\\r\\\\nEvading the dreaded Imperial\\\\r\\\\nStarfleet, a group of freedom\\\\r\\\\nfighters led by Luke Skywalker\\\\r\\\\nhas established a new secret\\\\r\\\\nbase on the remote ice world\\\\r\\\\nof Hoth.\\\\r\\\\n\\\\r\\\\nThe evil lord Darth Vader,\\\\r\\\\nobsessed with finding young\\\\r\\\\nSkywalker, has dispatched\\\\r\\\\nthousands of remote probes into\\\\r\\\\nthe far reaches of space....\\"[39m,
    [38;2;169;220;118m\\"director\\":[39m [38;2;255;216;102m\\"Irvin Kershner\\"[39m,
    [38;2;169;220;118m\\"producer\\":[39m [38;2;255;216;102m\\"Gary Kurtz, Rick McCallum\\"[39m,
    [38;2;169;220;118m\\"release_date\\":[39m [38;2;255;216;102m\\"1980-05-17\\"[39m,
    [38;2;169;220;118m\\"id\\":[39m [38;2;255;216;102m\\"Sy3WJT2qVsG\\"[39m
  },
  {
    [38;2;169;220;118m\\"title\\":[39m [38;2;255;216;102m\\"The Force Awakens\\"[39m,
    [38;2;169;220;118m\\"episode_id\\":[39m [38;2;255;97;136m7[39m,
    [38;2;169;220;118m\\"opening_crawl\\":[39m [38;2;255;216;102m\\"Luke Skywalker has vanished.\\\\r\\\\nIn his absence, the sinister\\\\r\\\\nFIRST ORDER has risen from\\\\r\\\\nthe ashes of the Empire\\\\r\\\\nand will not rest until\\\\r\\\\nSkywalker, the last Jedi,\\\\r\\\\nhas been destroyed.\\\\r\\\\n \\\\r\\\\nWith the support of the\\\\r\\\\nREPUBLIC, General Leia Organa\\\\r\\\\nleads a brave RESISTANCE.\\\\r\\\\nShe is desperate to find her\\\\r\\\\nbrother Luke and gain his\\\\r\\\\nhelp in restoring peace and\\\\r\\\\njustice to the galaxy.\\\\r\\\\n \\\\r\\\\nLeia has sent her most daring\\\\r\\\\npilot on a secret mission\\\\r\\\\nto Jakku, where an old ally\\\\r\\\\nhas discovered a clue to\\\\r\\\\nLuke's whereabouts....\\"[39m,
    [38;2;169;220;118m\\"director\\":[39m [38;2;255;216;102m\\"J. J. Abrams\\"[39m,
    [38;2;169;220;118m\\"producer\\":[39m [38;2;255;216;102m\\"Kathleen Kennedy, J. J. Abrams, Bryan Burk\\"[39m,
    [38;2;169;220;118m\\"release_date\\":[39m [38;2;255;216;102m\\"2015-12-11\\"[39m,
    [38;2;169;220;118m\\"id\\":[39m [38;2;255;216;102m\\"Sk6Zyp2c4oz\\"[39m
  }
]"
`;
